#-----------------------------------------------------------
# Vivado v2023.1 (64-bit)
# SW Build 3865809 on Sun May  7 15:05:29 MDT 2023
# IP Build 3864474 on Sun May  7 20:36:21 MDT 2023
# SharedData Build 3865790 on Sun May 07 13:33:03 MDT 2023
# Start of session at: Thu Nov 30 21:48:32 2023
# Process ID: 42608
# Current directory: c:/Users/JackPaul/OneDrive/Documents/Programs/Projects/eeng498/functiongenerator-lab5/arminterface-enhancedpwm-lab5.tmp/epwm_v1_0_project/epwm_v1_0_project.runs/impl_1
# Command line: vivado.exe -log enhancedPwm_v1_0.vdi -applog -product Vivado -messageDb vivado.pb -mode batch -source enhancedPwm_v1_0.tcl -notrace
# Log file: c:/Users/JackPaul/OneDrive/Documents/Programs/Projects/eeng498/functiongenerator-lab5/arminterface-enhancedpwm-lab5.tmp/epwm_v1_0_project/epwm_v1_0_project.runs/impl_1/enhancedPwm_v1_0.vdi
# Journal file: c:/Users/JackPaul/OneDrive/Documents/Programs/Projects/eeng498/functiongenerator-lab5/arminterface-enhancedpwm-lab5.tmp/epwm_v1_0_project/epwm_v1_0_project.runs/impl_1\vivado.jou
# Running On: ASUSComputer, OS: Windows, CPU Frequency: 3194 MHz, CPU Physical cores: 16, Host memory: 16541 MB
#-----------------------------------------------------------
source enhancedPwm_v1_0.tcl -notrace
