#-----------------------------------------------------------
# Vivado v2023.1 (64-bit)
# SW Build 3865809 on Sun May  7 15:05:29 MDT 2023
# IP Build 3864474 on Sun May  7 20:36:21 MDT 2023
# SharedData Build 3865790 on Sun May 07 13:33:03 MDT 2023
# Start of session at: Sun Sep 24 15:48:32 2023
# Process ID: 25504
# Current directory: C:/Users/JackPaul/OneDrive/Documents/Programs/Projects/eeng498/signaltohdmi-lab2/signaltohdmi-lab2.runs/clk_wiz_0_synth_1
# Command line: vivado.exe -log clk_wiz_0.vds -product Vivado -mode batch -messageDb vivado.pb -notrace -source clk_wiz_0.tcl
# Log file: C:/Users/JackPaul/OneDrive/Documents/Programs/Projects/eeng498/signaltohdmi-lab2/signaltohdmi-lab2.runs/clk_wiz_0_synth_1/clk_wiz_0.vds
# Journal file: C:/Users/JackPaul/OneDrive/Documents/Programs/Projects/eeng498/signaltohdmi-lab2/signaltohdmi-lab2.runs/clk_wiz_0_synth_1\vivado.jou
# Running On: ASUSComputer, OS: Windows, CPU Frequency: 3194 MHz, CPU Physical cores: 16, Host memory: 16541 MB
#-----------------------------------------------------------
source clk_wiz_0.tcl -notrace
