#-----------------------------------------------------------
# Vivado v2023.1 (64-bit)
# SW Build 3865809 on Sun May  7 15:05:29 MDT 2023
# IP Build 3864474 on Sun May  7 20:36:21 MDT 2023
# SharedData Build 3865790 on Sun May 07 13:33:03 MDT 2023
# Start of session at: Sun Nov  5 21:57:43 2023
# Process ID: 6564
# Current directory: C:/Users/JackPaul/OneDrive/Documents/Programs/Projects/eeng498/scopeface-lab2
# Command line: vivado.exe -gui_launcher_event rodinguilauncherevent14896 C:\Users\JackPaul\OneDrive\Documents\Programs\Projects\eeng498\scopeface-lab2\signaltohdmi-lab2.xpr
# Log file: C:/Users/JackPaul/OneDrive/Documents/Programs/Projects/eeng498/scopeface-lab2/vivado.log
# Journal file: C:/Users/JackPaul/OneDrive/Documents/Programs/Projects/eeng498/scopeface-lab2\vivado.jou
# Running On: ASUSComputer, OS: Windows, CPU Frequency: 3194 MHz, CPU Physical cores: 16, Host memory: 16541 MB
#-----------------------------------------------------------
start_gui
open_project C:/Users/JackPaul/OneDrive/Documents/Programs/Projects/eeng498/scopeface-lab2/signaltohdmi-lab2.xpr
update_compile_order -fileset sources_1
close_project
open_project C:/Users/JackPaul/OneDrive/Documents/Programs/Projects/eeng498/oscilloscope-lab4/oscilloscope-lab4.xpr
update_compile_order -fileset sources_1
close_project
open_project C:/Users/JackPaul/OneDrive/Documents/Programs/Projects/eeng498/scopeface-lab2/signaltohdmi-lab2.xpr
update_compile_order -fileset sources_1
launch_simulation
source scopeToHdmi_tb.tcl
cd C:/Users/JackPaul/OneDrive/Documents/Programs/Projects/eeng498/scopeface-lab2
ls
run scopeToHdmi_tbCustomWaveSetup.tcl
source scopeToHdmi_tbCustomWaveSetup.tcl
run 7 us
ls
source scopeToHdmi_tbWaveSetup.tcl
run 7 us
run 70 us
run 200 us
restart
run 3 ms
close_sim
