datapath__271: 
datapath__157: 
datapath__51: 
dsp48e1: 
genericMux4x1: 
datapath__108: 
case__19: 
logic__146: 
logic__179: 
datapath__277: 
logic__310: 
datapath__294: 
datapath__121: 
datapath__317: 
datapath__404: 
logic__38: 
logic__180: 
datapath__321: 
datapath__130: 
datapath__212: 
datapath__21: 
logic__119: 
logic__98: 
datapath__310: 
case__21: 
logic__7: 
datapath__70: 
datapath__39: 
datapath__23: 
datapath__226: 
logic__188: 
logic__103: 
datapath__16: 
datapath__95: 
datapath__103: 
datapath__35: 
datapath__7: 
datapath__377: 
datapath__128: 
reg__18: 
datapath__204: 
datapath__9: 
datapath__223: 
datapath__75: 
logic__294: 
datapath__218: 
logic__295: 
case__50: 
datapath__54: 
datapath__383: 
logic__174: 
logic__139: 
datapath__26: 
datapath__168: 
case__46: 
logic__147: 
counter: 
datapath__229: 
case__1: 
datapath__209: 
logic__9: 
datapath__380: 
logic__140: 
logic__100: 
datapath__68: 
datapath__97: 
datapath__390: 
datapath__239: 
datapath__113: 
datapath__349: 
logic__176: 
datapath__360: 
datapath__285: 
datapath__274: 
logic__148: 
datapath__201: 
datapath__32: 
datapath__250: 
logic__187: 
datapath__159: 
acquireToHDMI: 
datapath__8: 
logic__154: 
logic__121: 
datapath__122: 
logic__57: 
datapath__185: 
reg__9: 
datapath__290: 
reg__50: 
case__54: 
datapath__319: 
logic__305: 
datapath__354: 
datapath__38: 
case__13: 
datapath__112: 
case__22: 
reg__8: 
logic__61: 
datapath__329: 
logic__186: 
logic__142: 
datapath__299: 
datapath__119: 
logic__150: 
reg__39: 
datapath__222: 
datapath__336: 
datapath__385: 
reg__28: 
reg__44: 
logic__128: 
reg__33: 
datapath__338: 
oscilloscope_v1_0: 
datapath__151: 
datapath__82: 
datapath__313: 
logic__47: 
logic__246: 
logic__143: 
logic__34: 
datapath__391: 
reg__37: 
datapath__293: 
datapath__227: 
logic__130: 
logic__181: 
datapath__147: 
datapath__301: 
datapath__197: 
case__11: 
logic__223: 
datapath__17: 
logic__233: 
logic__177: 
reg__10: 
datapath__216: 
datapath__233: 
datapath__252: 
reg__2: 
datapath__195: 
case__57: 
datapath__219: 
logic__279: 
logic__152: 
datapath__305: 
case__8: 
logic__53: 
datapath__167: 
datapath__76: 
datapath__410: 
logic__135: 
case__6: 
case__14: 
datapath__326: 
datapath__375: 
datapath__215: 
datapath__346: 
datapath__36: 
datapath__394: 
datapath__114: 
reg__24: 
datapath__141: 
reg__29: 
reg__12: 
logic__118: 
logic__42: 
oscilloscope_v1_0_S00_AXI: 
genericCounter: 
logic__63: 
logic__37: 
datapath__188: 
datapath__247: 
datapath__344: 
case__55: 
logic__110: 
datapath__179: 
datapath__280: 
datapath__330: 
datapath__190: 
datapath__249: 
datapath__306: 
logic__8: 
datapath__395: 
datapath__259: 
datapath__234: 
datapath__3: 
datapath__49: 
logic__114: 
datapath__369: 
datapath__1: 
logic__157: 
datapath__60: 
datapath__245: 
genericCounter__parameterized5: 
logic__52: 
datapath__196: 
logic__129: 
datapath__278: 
datapath__29: 
datapath__11: 
datapath__374: 
case__49: 
datapath__84: 
datapath__14: 
genericCompare__parameterized2: 
datapath__155: 
logic__54: 
datapath__156: 
logic__162: 
videoSignalGenerator: 
datapath__125: 
logic__238: 
datapath__25: 
logic__65: 
logic__39: 
logic__122: 
datapath__337: 
datapath__182: 
datapath__307: 
datapath__20: 
datapath__104: 
datapath__253: 
logic__227: 
two2pix: 
logic__191: 
datapath__194: 
datapath__111: 
logic__183: 
logic__298: 
datapath__115: 
logic__51: 
datapath__134: 
datapath__153: 
datapath__367: 
logic__166: 
datapath__224: 
datapath__143: 
datapath__314: 
case__12: 
reg__3: 
datapath__286: 
datapath__34: 
datapath__79: 
logic__58: 
datapath__351: 
datapath__58: 
datapath__53: 
datapath__302: 
reg__1: 
datapath__172: 
logic__291: 
case__15: 
datapath__273: 
logic__1: 
datapath__362: 
reg__14: 
datapath__352: 
datapath__42: 
datapath__288: 
datapath__353: 
logic__287: 
datapath__284: 
datapath__291: 
datapath__266: 
datapath__146: 
datapath__64: 
datapath__15: 
datapath__189: 
datapath__361: 
datapath__55: 
datapath__267: 
datapath__56: 
logic__286: 
datapath__50: 
logic__172: 
reg__42: 
logic__23: 
datapath__61: 
datapath__184: 
datapath__308: 
datapath__43: 
datapath__142: 
case__16: 
logic__99: 
datapath__106: 
datapath__256: 
datapath__315: 
datapath__132: 
datapath__206: 
datapath__415: 
datapath__240: 
case__2: 
logic__158: 
logic__109: 
logic__36: 
datapath__248: 
logic__56: 
datapath__392: 
reg__17: 
datapath__384: 
case__47: 
datapath__220: 
logic__224: 
datapath__300: 
datapath__417: 
datapath__71: 
datapath__364: 
datapath__191: 
datapath__221: 
logic__22: 
logic__3: 
scopeFace: 
datapath__411: 
datapath__140: 
datapath__283: 
datapath__161: 
case__24: 
datapath__378: 
datapath__272: 
logic__239: 
datapath__365: 
logic__151: 
datapath__414: 
reg__11: 
datapath__241: 
datapath__213: 
datapath__22: 
datapath__257: 
datapath__135: 
datapath__5: 
case__25: 
logic__60: 
datapath__214: 
logic__278: 
logic__101: 
logic__165: 
reg__27: 
datapath__203: 
datapath__24: 
reg__35: 
datapath__183: 
logic__212: 
datapath__102: 
datapath__131: 
genericCounter__parameterized3: 
datapath__73: 
datapath__98: 
datapath__18: 
datapath__254: 
datapath__309: 
datapath__322: 
datapath__416: 
datapath__187: 
datapath__133: 
datapath__407: 
datapath__325: 
datapath__393: 
datapath__412: 
logic__159: 
logic__192: 
logic__156: 
genericRegister: 
logic__44: 
reg: 
acquireToHDMI_datapath: 
reg__21: 
datapath__47: 
logic__2: 
datapath__251: 
datapath__210: 
datapath__81: 
datapath__376: 
logic__167: 
datapath__388: 
logic__141: 
logic__33: 
datapath__342: 
case: 
datapath__320: 
logic__125: 
datapath__164: 
datapath__298: 
logic__175: 
case__48: 
case__60: 
datapath__398: 
logic__306: 
datapath__258: 
datapath__33: 
datapath__356: 
datapath__287: 
datapath__269: 
datapath__260: 
datapath__139: 
logic__25: 
logic__160: 
reg__36: 
datapath__347: 
genericCompare__parameterized4: 
datapath__90: 
datapath__303: 
datapath__173: 
datapath__279: 
datapath__372: 
datapath__297: 
datapath__154: 
datapath__165: 
datapath__92: 
logic__145: 
datapath__177: 
datapath__324: 
logic__299: 
datapath__46: 
reg__13: 
logic__48: 
logic__49: 
datapath__235: 
logic__185: 
logic__302: 
datapath__66: 
datapath__268: 
datapath__118: 
datapath__162: 
reg__7: 
datapath__171: 
datapath__175: 
logic__41: 
reg__34: 
datapath__69: 
datapath__91: 
logic__222: 
case__43: 
datapath__116: 
datapath__123: 
genericCompare__parameterized6: 
datapath__170: 
datapath__94: 
datapath__208: 
case__44: 
flagRegister: 
datapath__312: 
reg__41: 
datapath__137: 
datapath__192: 
datapath__230: 
datapath__44: 
reg__30: 
logic__108: 
datapath__289: 
datapath__232: 
datapath__72: 
datapath__261: 
logic__115: 
logic__15: 
logic__155: 
datapath__262: 
case__41: 
datapath__379: 
datapath__174: 
case__56: 
datapath__328: 
datapath__323: 
logic__134: 
case__5: 
datapath__304: 
logic__168: 
datapath__83: 
datapath__86: 
logic__116: 
datapath__6: 
datapath__368: 
logic__27: 
case__10: 
datapath__316: 
datapath__228: 
logic__12: 
datapath__87: 
datapath__276: 
datapath__138: 
datapath__41: 
datapath__110: 
datapath__181: 
datapath__48: 
reg__5: 
logic__62: 
datapath__67: 
datapath__237: 
datapath__150: 
logic__245: 
datapath__343: 
datapath__19: 
datapath__359: 
datapath__105: 
datapath__52: 
datapath__264: 
logic__309: 
datapath__406: 
logic__290: 
logic__50: 
datapath__85: 
logic__126: 
logic__153: 
datapath__169: 
datapath__78: 
datapath__101: 
datapath__335: 
case__17: 
datapath__281: 
logic__127: 
logic__113: 
reg__43: 
reg__32: 
reg__48: 
datapath__409: 
datapath__357: 
reg__51: 
reg__38: 
muxpart__1: 
logic__55: 
logic__170: 
datapath__211: 
datapath__62: 
datapath__200: 
reg__45: 
datapath__358: 
datapath__405: 
reg__23: 
datapath__31: 
datapath__145: 
datapath__399: 
logic__144: 
datapath__4: 
datapath__408: 
logic__45: 
datapath__166: 
datapath__93: 
datapath__345: 
logic__184: 
case__61: 
datapath__178: 
reg__6: 
datapath__311: 
case__51: 
datapath__65: 
reg__49: 
datapath__296: 
logic__136: 
datapath__74: 
datapath__236: 
datapath: 
datapath__198: 
datapath__63: 
datapath__333: 
datapath__13: 
logic__230: 
datapath__238: 
datapath__403: 
datapath__401: 
reg__46: 
datapath__381: 
logic: 
logic__178: 
datapath__334: 
logic__171: 
datapath__100: 
logic__131: 
datapath__57: 
datapath__180: 
logic__26: 
logic__107: 
datapath__275: 
logic__182: 
logic__164: 
datapath__127: 
datapath__40: 
datapath__341: 
datapath__109: 
datapath__199: 
datapath__244: 
reg__47: 
datapath__80: 
datapath__160: 
datapath__10: 
case__58: 
datapath__96: 
reg__26: 
logic__163: 
logic__282: 
datapath__371: 
datapath__30: 
logic__123: 
case__45: 
logic__24: 
datapath__186: 
datapath__255: 
logic__102: 
reg__15: 
datapath__350: 
logic__40: 
datapath__202: 
logic__149: 
datapath__243: 
reg__4: 
logic__117: 
datapath__59: 
datapath__88: 
logic__111: 
datapath__413: 
datapath__396: 
datapath__129: 
case__53: 
logic__35: 
datapath__89: 
datapath__387: 
logic__133: 
datapath__37: 
acquireToHDMI_ctrlpath: 
logic__59: 
datapath__397: 
datapath__400: 
datapath__45: 
case__18: 
datapath__77: 
datapath__176: 
datapath__270: 
logic__213: 
datapath__366: 
case__3: 
case__40: 
logic__169: 
datapath__12: 
datapath__99: 
logic__43: 
genericCompare: 
datapath__265: 
logic__234: 
datapath__120: 
datapath__107: 
datapath__148: 
datapath__149: 
datapath__158: 
logic__124: 
datapath__327: 
datapath__370: 
reg__25: 
logic__285: 
datapath__282: 
case__7: 
datapath__205: 
datapath__332: 
case__4: 
datapath__28: 
datapath__402: 
datapath__163: 
datapath__348: 
muxpart__10: 
datapath__2: 
logic__21: 
case__59: 
datapath__373: 
datapath__124: 
case__9: 
case__26: 
datapath__355: 
datapath__136: 
datapath__126: 
datapath__340: 
muxpart: 
datapath__295: 
logic__120: 
datapath__242: 
reg__22: 
logic__132: 
datapath__152: 
datapath__217: 
datapath__27: 
logic__137: 
logic__66: 
case__52: 
datapath__144: 
genericCounter__parameterized1: 
datapath__246: 
logic__112: 
reg__31: 
datapath__389: 
datapath__231: 
logic__18: 
logic__161: 
datapath__339: 
datapath__117: 
case__23: 
logic__173: 
datapath__207: 
datapath__292: 
logic__190: 
datapath__363: 
datapath__193: 
datapath__386: 
counter__1: 
reg__40: 
datapath__331: 
reg__16: 
case__20: 
datapath__318: 
logic__4: 
logic__46: 
logic__64: 
logic__138: 
datapath__263: 
datapath__225: 
datapath__382: 
