#-----------------------------------------------------------
# Vivado v2023.1 (64-bit)
# SW Build 3865809 on Sun May  7 15:05:29 MDT 2023
# IP Build 3864474 on Sun May  7 20:36:21 MDT 2023
# SharedData Build 3865790 on Sun May 07 13:33:03 MDT 2023
# Start of session at: Wed Nov 15 09:32:55 2023
# Process ID: 19548
# Current directory: C:/Users/JackPaul/OneDrive/Documents/Programs/Projects/eeng498/arminterface-enhancedpwm-lab5/arminterface-enhancedpwm-lab5.runs/synth_1
# Command line: vivado.exe -log zyncepwm_wrapper.vds -product Vivado -mode batch -messageDb vivado.pb -notrace -source zyncepwm_wrapper.tcl
# Log file: C:/Users/JackPaul/OneDrive/Documents/Programs/Projects/eeng498/arminterface-enhancedpwm-lab5/arminterface-enhancedpwm-lab5.runs/synth_1/zyncepwm_wrapper.vds
# Journal file: C:/Users/JackPaul/OneDrive/Documents/Programs/Projects/eeng498/arminterface-enhancedpwm-lab5/arminterface-enhancedpwm-lab5.runs/synth_1\vivado.jou
# Running On: ASUSComputer, OS: Windows, CPU Frequency: 3194 MHz, CPU Physical cores: 16, Host memory: 16541 MB
#-----------------------------------------------------------
source zyncepwm_wrapper.tcl -notrace
